#-----------------------------------------------------------
# Webtalk v2016.4 (64-bit)
# SW Build 1756540 on Mon Jan 23 19:11:23 MST 2017
# IP Build 1755317 on Mon Jan 23 20:30:07 MST 2017
# Start of session at: Fri Mar 31 18:51:39 2017
# Process ID: 12880
# Current directory: C:/Xilinx/Projetos_PCR/Lista1/ex6_barrelshift_multifuncional/ex6_barrelshift_multifuncional.sim/sim_1/behav
# Command line: wbtcv.exe -mode batch -source C:/Xilinx/Projetos_PCR/Lista1/ex6_barrelshift_multifuncional/ex6_barrelshift_multifuncional.sim/sim_1/behav/xsim.dir/tb_ex6_barrelshift_multifuncional_behav/webtalk/xsim_webtalk.tcl -notrace
# Log file: C:/Xilinx/Projetos_PCR/Lista1/ex6_barrelshift_multifuncional/ex6_barrelshift_multifuncional.sim/sim_1/behav/webtalk.log
# Journal file: C:/Xilinx/Projetos_PCR/Lista1/ex6_barrelshift_multifuncional/ex6_barrelshift_multifuncional.sim/sim_1/behav\webtalk.jou
#-----------------------------------------------------------
source C:/Xilinx/Projetos_PCR/Lista1/ex6_barrelshift_multifuncional/ex6_barrelshift_multifuncional.sim/sim_1/behav/xsim.dir/tb_ex6_barrelshift_multifuncional_behav/webtalk/xsim_webtalk.tcl -notrace
